Plato (Time: Sun May  1 23:09:47 UTC 2022)
Camus (Time: Sun May  1 23:09:47 UTC 2022)
Voltaire (Time: Sun May  1 23:09:47 UTC 2022)
Heidegger (Time: Sun May  1 23:09:47 UTC 2022)
Kierkegaard (Time: Sun May  1 23:09:47 UTC 2022)
Sartre (Time: Sun May  1 23:09:47 UTC 2022)
Hobbes (Time: Sun May  1 23:09:47 UTC 2022)
